THE CONTENTS OF THIS FILE SHOULD BE CAPITALIZED BY THE CAPITALIZER.
