THE CONTENTS OF THIS FILE GET MIS-CAPITALIZED by the capitalizer.
